Archive member included to satisfy reference by file (symbol)

c:/st/stm32cubeide/stm32cubeide/plugins/com.st.stm32cube.ide.mcu.externaltools.gnu-tools-for-stm32.9-2020-q2-update.win32_2.0.0.202105311346/tools/bin/../lib/gcc/arm-none-eabi/9.3.1/../../../../arm-none-eabi/lib/thumb/v7e-m+fp/hard\libc_nano.a(lib_a-errno.o)
                              ./Src/syscalls.o (__errno)
c:/st/stm32cubeide/stm32cubeide/plugins/com.st.stm32cube.ide.mcu.externaltools.gnu-tools-for-stm32.9-2020-q2-update.win32_2.0.0.202105311346/tools/bin/../lib/gcc/arm-none-eabi/9.3.1/../../../../arm-none-eabi/lib/thumb/v7e-m+fp/hard\libc_nano.a(lib_a-exit.o)
                              c:/st/stm32cubeide/stm32cubeide/plugins/com.st.stm32cube.ide.mcu.externaltools.gnu-tools-for-stm32.9-2020-q2-update.win32_2.0.0.202105311346/tools/bin/../lib/gcc/arm-none-eabi/9.3.1/../../../../arm-none-eabi/lib/thumb/v7e-m+fp/hard/crt0.o (exit)
c:/st/stm32cubeide/stm32cubeide/plugins/com.st.stm32cube.ide.mcu.externaltools.gnu-tools-for-stm32.9-2020-q2-update.win32_2.0.0.202105311346/tools/bin/../lib/gcc/arm-none-eabi/9.3.1/../../../../arm-none-eabi/lib/thumb/v7e-m+fp/hard\libc_nano.a(lib_a-impure.o)
                              c:/st/stm32cubeide/stm32cubeide/plugins/com.st.stm32cube.ide.mcu.externaltools.gnu-tools-for-stm32.9-2020-q2-update.win32_2.0.0.202105311346/tools/bin/../lib/gcc/arm-none-eabi/9.3.1/../../../../arm-none-eabi/lib/thumb/v7e-m+fp/hard\libc_nano.a(lib_a-exit.o) (_global_impure_ptr)
c:/st/stm32cubeide/stm32cubeide/plugins/com.st.stm32cube.ide.mcu.externaltools.gnu-tools-for-stm32.9-2020-q2-update.win32_2.0.0.202105311346/tools/bin/../lib/gcc/arm-none-eabi/9.3.1/../../../../arm-none-eabi/lib/thumb/v7e-m+fp/hard\libc_nano.a(lib_a-init.o)
                              c:/st/stm32cubeide/stm32cubeide/plugins/com.st.stm32cube.ide.mcu.externaltools.gnu-tools-for-stm32.9-2020-q2-update.win32_2.0.0.202105311346/tools/bin/../lib/gcc/arm-none-eabi/9.3.1/../../../../arm-none-eabi/lib/thumb/v7e-m+fp/hard/crt0.o (__libc_init_array)
c:/st/stm32cubeide/stm32cubeide/plugins/com.st.stm32cube.ide.mcu.externaltools.gnu-tools-for-stm32.9-2020-q2-update.win32_2.0.0.202105311346/tools/bin/../lib/gcc/arm-none-eabi/9.3.1/../../../../arm-none-eabi/lib/thumb/v7e-m+fp/hard\libc_nano.a(lib_a-memset.o)
                              c:/st/stm32cubeide/stm32cubeide/plugins/com.st.stm32cube.ide.mcu.externaltools.gnu-tools-for-stm32.9-2020-q2-update.win32_2.0.0.202105311346/tools/bin/../lib/gcc/arm-none-eabi/9.3.1/../../../../arm-none-eabi/lib/thumb/v7e-m+fp/hard/crt0.o (memset)

Allocating common symbols
Common symbol       size              file

uart1_tx_buffer_current_element_pointer
                    0x4               ./Src/main.o
uart1_tx_buffer_last_element_pointer
                    0x4               ./Src/main.o
uart1_tx_buffer     0x40              ./Src/main.o
uart1_rx_buffer_current_element_pointer
                    0x4               ./Src/main.o
uart1_rx_buffer_length
                    0x4               ./Src/main.o
uart1_rx_mode       0x1               ./Src/main.o
uart1_rx_buffer_memory_address
                    0x4               ./Src/main.o
usartpointer1       0x4               ./Src/main.o

Discarded input sections

 .text          0x0000000000000000        0x0 c:/st/stm32cubeide/stm32cubeide/plugins/com.st.stm32cube.ide.mcu.externaltools.gnu-tools-for-stm32.9-2020-q2-update.win32_2.0.0.202105311346/tools/bin/../lib/gcc/arm-none-eabi/9.3.1/thumb/v7e-m+fp/hard/crti.o
 .data          0x0000000000000000        0x0 c:/st/stm32cubeide/stm32cubeide/plugins/com.st.stm32cube.ide.mcu.externaltools.gnu-tools-for-stm32.9-2020-q2-update.win32_2.0.0.202105311346/tools/bin/../lib/gcc/arm-none-eabi/9.3.1/thumb/v7e-m+fp/hard/crti.o
 .bss           0x0000000000000000        0x0 c:/st/stm32cubeide/stm32cubeide/plugins/com.st.stm32cube.ide.mcu.externaltools.gnu-tools-for-stm32.9-2020-q2-update.win32_2.0.0.202105311346/tools/bin/../lib/gcc/arm-none-eabi/9.3.1/thumb/v7e-m+fp/hard/crti.o
 .data          0x0000000000000000        0x4 c:/st/stm32cubeide/stm32cubeide/plugins/com.st.stm32cube.ide.mcu.externaltools.gnu-tools-for-stm32.9-2020-q2-update.win32_2.0.0.202105311346/tools/bin/../lib/gcc/arm-none-eabi/9.3.1/thumb/v7e-m+fp/hard/crtbegin.o
 .text          0x0000000000000000       0x7c c:/st/stm32cubeide/stm32cubeide/plugins/com.st.stm32cube.ide.mcu.externaltools.gnu-tools-for-stm32.9-2020-q2-update.win32_2.0.0.202105311346/tools/bin/../lib/gcc/arm-none-eabi/9.3.1/../../../../arm-none-eabi/lib/thumb/v7e-m+fp/hard/crt0.o
 .data          0x0000000000000000        0x0 c:/st/stm32cubeide/stm32cubeide/plugins/com.st.stm32cube.ide.mcu.externaltools.gnu-tools-for-stm32.9-2020-q2-update.win32_2.0.0.202105311346/tools/bin/../lib/gcc/arm-none-eabi/9.3.1/../../../../arm-none-eabi/lib/thumb/v7e-m+fp/hard/crt0.o
 .bss           0x0000000000000000        0x0 c:/st/stm32cubeide/stm32cubeide/plugins/com.st.stm32cube.ide.mcu.externaltools.gnu-tools-for-stm32.9-2020-q2-update.win32_2.0.0.202105311346/tools/bin/../lib/gcc/arm-none-eabi/9.3.1/../../../../arm-none-eabi/lib/thumb/v7e-m+fp/hard/crt0.o
 .ARM.extab     0x0000000000000000        0x0 c:/st/stm32cubeide/stm32cubeide/plugins/com.st.stm32cube.ide.mcu.externaltools.gnu-tools-for-stm32.9-2020-q2-update.win32_2.0.0.202105311346/tools/bin/../lib/gcc/arm-none-eabi/9.3.1/../../../../arm-none-eabi/lib/thumb/v7e-m+fp/hard/crt0.o
 .ARM.exidx     0x0000000000000000       0x10 c:/st/stm32cubeide/stm32cubeide/plugins/com.st.stm32cube.ide.mcu.externaltools.gnu-tools-for-stm32.9-2020-q2-update.win32_2.0.0.202105311346/tools/bin/../lib/gcc/arm-none-eabi/9.3.1/../../../../arm-none-eabi/lib/thumb/v7e-m+fp/hard/crt0.o
 .ARM.attributes
                0x0000000000000000       0x1c c:/st/stm32cubeide/stm32cubeide/plugins/com.st.stm32cube.ide.mcu.externaltools.gnu-tools-for-stm32.9-2020-q2-update.win32_2.0.0.202105311346/tools/bin/../lib/gcc/arm-none-eabi/9.3.1/../../../../arm-none-eabi/lib/thumb/v7e-m+fp/hard/crt0.o
 .group         0x0000000000000000        0xc ./Src/adc.o
 .group         0x0000000000000000        0xc ./Src/adc.o
 .group         0x0000000000000000        0xc ./Src/adc.o
 .group         0x0000000000000000        0xc ./Src/adc.o
 .group         0x0000000000000000        0xc ./Src/adc.o
 .group         0x0000000000000000        0xc ./Src/adc.o
 .group         0x0000000000000000        0xc ./Src/adc.o
 .group         0x0000000000000000        0xc ./Src/adc.o
 .group         0x0000000000000000        0xc ./Src/adc.o
 .group         0x0000000000000000        0xc ./Src/adc.o
 .group         0x0000000000000000        0xc ./Src/adc.o
 .group         0x0000000000000000        0xc ./Src/adc.o
 .group         0x0000000000000000        0xc ./Src/adc.o
 .group         0x0000000000000000        0xc ./Src/adc.o
 .group         0x0000000000000000        0xc ./Src/adc.o
 .text          0x0000000000000000        0x0 ./Src/adc.o
 .data          0x0000000000000000        0x0 ./Src/adc.o
 .bss           0x0000000000000000        0x0 ./Src/adc.o
 .debug_info    0x0000000000000000      0x115 ./Src/adc.o
 .debug_abbrev  0x0000000000000000       0x7e ./Src/adc.o
 .debug_aranges
                0x0000000000000000       0x18 ./Src/adc.o
 .debug_macro   0x0000000000000000       0xc7 ./Src/adc.o
 .debug_macro   0x0000000000000000      0xaae ./Src/adc.o
 .debug_macro   0x0000000000000000       0x3b ./Src/adc.o
 .debug_macro   0x0000000000000000       0x22 ./Src/adc.o
 .debug_macro   0x0000000000000000       0x8e ./Src/adc.o
 .debug_macro   0x0000000000000000       0x51 ./Src/adc.o
 .debug_macro   0x0000000000000000      0x103 ./Src/adc.o
 .debug_macro   0x0000000000000000       0x6a ./Src/adc.o
 .debug_macro   0x0000000000000000      0x1df ./Src/adc.o
 .debug_macro   0x0000000000000000       0x1c ./Src/adc.o
 .debug_macro   0x0000000000000000       0x22 ./Src/adc.o
 .debug_macro   0x0000000000000000       0xdf ./Src/adc.o
 .debug_macro   0x0000000000000000     0x12cd ./Src/adc.o
 .debug_macro   0x0000000000000000      0x11f ./Src/adc.o
 .debug_macro   0x0000000000000000       0x19 ./Src/adc.o
 .debug_macro   0x0000000000000000    0x190f0 ./Src/adc.o
 .debug_line    0x0000000000000000      0x3de ./Src/adc.o
 .debug_str     0x0000000000000000    0x9a452 ./Src/adc.o
 .comment       0x0000000000000000       0x54 ./Src/adc.o
 .ARM.attributes
                0x0000000000000000       0x39 ./Src/adc.o
 .group         0x0000000000000000        0xc ./Src/gpio.o
 .group         0x0000000000000000        0xc ./Src/gpio.o
 .group         0x0000000000000000        0xc ./Src/gpio.o
 .group         0x0000000000000000        0xc ./Src/gpio.o
 .group         0x0000000000000000        0xc ./Src/gpio.o
 .group         0x0000000000000000        0xc ./Src/gpio.o
 .group         0x0000000000000000        0xc ./Src/gpio.o
 .group         0x0000000000000000        0xc ./Src/gpio.o
 .group         0x0000000000000000        0xc ./Src/gpio.o
 .group         0x0000000000000000        0xc ./Src/gpio.o
 .group         0x0000000000000000        0xc ./Src/gpio.o
 .group         0x0000000000000000        0xc ./Src/gpio.o
 .group         0x0000000000000000        0xc ./Src/gpio.o
 .group         0x0000000000000000        0xc ./Src/gpio.o
 .group         0x0000000000000000        0xc ./Src/gpio.o
 .text          0x0000000000000000        0x0 ./Src/gpio.o
 .data          0x0000000000000000        0x0 ./Src/gpio.o
 .bss           0x0000000000000000        0x0 ./Src/gpio.o
 .debug_macro   0x0000000000000000      0xaae ./Src/gpio.o
 .debug_macro   0x0000000000000000       0x3b ./Src/gpio.o
 .debug_macro   0x0000000000000000       0x22 ./Src/gpio.o
 .debug_macro   0x0000000000000000       0x8e ./Src/gpio.o
 .debug_macro   0x0000000000000000       0x51 ./Src/gpio.o
 .debug_macro   0x0000000000000000      0x103 ./Src/gpio.o
 .debug_macro   0x0000000000000000       0x6a ./Src/gpio.o
 .debug_macro   0x0000000000000000      0x1df ./Src/gpio.o
 .debug_macro   0x0000000000000000       0x1c ./Src/gpio.o
 .debug_macro   0x0000000000000000       0x22 ./Src/gpio.o
 .debug_macro   0x0000000000000000       0xdf ./Src/gpio.o
 .debug_macro   0x0000000000000000     0x12cd ./Src/gpio.o
 .debug_macro   0x0000000000000000      0x11f ./Src/gpio.o
 .debug_macro   0x0000000000000000       0x19 ./Src/gpio.o
 .debug_macro   0x0000000000000000    0x190f0 ./Src/gpio.o
 .group         0x0000000000000000        0xc ./Src/main.o
 .group         0x0000000000000000        0xc ./Src/main.o
 .group         0x0000000000000000        0xc ./Src/main.o
 .group         0x0000000000000000        0xc ./Src/main.o
 .group         0x0000000000000000        0xc ./Src/main.o
 .group         0x0000000000000000        0xc ./Src/main.o
 .group         0x0000000000000000        0xc ./Src/main.o
 .group         0x0000000000000000        0xc ./Src/main.o
 .group         0x0000000000000000        0xc ./Src/main.o
 .group         0x0000000000000000        0xc ./Src/main.o
 .group         0x0000000000000000        0xc ./Src/main.o
 .group         0x0000000000000000        0xc ./Src/main.o
 .group         0x0000000000000000        0xc ./Src/main.o
 .group         0x0000000000000000        0xc ./Src/main.o
 .group         0x0000000000000000        0xc ./Src/main.o
 .group         0x0000000000000000        0xc ./Src/main.o
 .group         0x0000000000000000        0xc ./Src/main.o
 .group         0x0000000000000000        0xc ./Src/main.o
 .text          0x0000000000000000        0x0 ./Src/main.o
 .data          0x0000000000000000        0x0 ./Src/main.o
 .bss           0x0000000000000000        0x0 ./Src/main.o
 .debug_macro   0x0000000000000000      0xaae ./Src/main.o
 .debug_macro   0x0000000000000000       0x22 ./Src/main.o
 .debug_macro   0x0000000000000000       0x8e ./Src/main.o
 .debug_macro   0x0000000000000000       0x51 ./Src/main.o
 .debug_macro   0x0000000000000000      0x103 ./Src/main.o
 .debug_macro   0x0000000000000000       0x6a ./Src/main.o
 .debug_macro   0x0000000000000000      0x1df ./Src/main.o
 .debug_macro   0x0000000000000000       0x3b ./Src/main.o
 .debug_macro   0x0000000000000000       0x1c ./Src/main.o
 .debug_macro   0x0000000000000000       0x22 ./Src/main.o
 .debug_macro   0x0000000000000000       0xdf ./Src/main.o
 .debug_macro   0x0000000000000000     0x12cd ./Src/main.o
 .debug_macro   0x0000000000000000      0x11f ./Src/main.o
 .debug_macro   0x0000000000000000       0x19 ./Src/main.o
 .debug_macro   0x0000000000000000    0x190f0 ./Src/main.o
 .group         0x0000000000000000        0xc ./Src/nvic.o
 .group         0x0000000000000000        0xc ./Src/nvic.o
 .group         0x0000000000000000        0xc ./Src/nvic.o
 .group         0x0000000000000000        0xc ./Src/nvic.o
 .group         0x0000000000000000        0xc ./Src/nvic.o
 .group         0x0000000000000000        0xc ./Src/nvic.o
 .group         0x0000000000000000        0xc ./Src/nvic.o
 .group         0x0000000000000000        0xc ./Src/nvic.o
 .group         0x0000000000000000        0xc ./Src/nvic.o
 .group         0x0000000000000000        0xc ./Src/nvic.o
 .group         0x0000000000000000        0xc ./Src/nvic.o
 .group         0x0000000000000000        0xc ./Src/nvic.o
 .group         0x0000000000000000        0xc ./Src/nvic.o
 .group         0x0000000000000000        0xc ./Src/nvic.o
 .group         0x0000000000000000        0xc ./Src/nvic.o
 .group         0x0000000000000000        0xc ./Src/nvic.o
 .text          0x0000000000000000        0x0 ./Src/nvic.o
 .data          0x0000000000000000        0x0 ./Src/nvic.o
 .bss           0x0000000000000000        0x0 ./Src/nvic.o
 .debug_macro   0x0000000000000000      0xaae ./Src/nvic.o
 .debug_macro   0x0000000000000000       0x3b ./Src/nvic.o
 .debug_macro   0x0000000000000000       0x22 ./Src/nvic.o
 .debug_macro   0x0000000000000000       0x8e ./Src/nvic.o
 .debug_macro   0x0000000000000000       0x51 ./Src/nvic.o
 .debug_macro   0x0000000000000000      0x103 ./Src/nvic.o
 .debug_macro   0x0000000000000000       0x6a ./Src/nvic.o
 .debug_macro   0x0000000000000000      0x1df ./Src/nvic.o
 .debug_macro   0x0000000000000000       0x1c ./Src/nvic.o
 .debug_macro   0x0000000000000000       0x22 ./Src/nvic.o
 .debug_macro   0x0000000000000000       0xdf ./Src/nvic.o
 .debug_macro   0x0000000000000000     0x12cd ./Src/nvic.o
 .debug_macro   0x0000000000000000      0x11f ./Src/nvic.o
 .debug_macro   0x0000000000000000       0x19 ./Src/nvic.o
 .debug_macro   0x0000000000000000    0x190f0 ./Src/nvic.o
 .debug_macro   0x0000000000000000       0x10 ./Src/nvic.o
 .group         0x0000000000000000        0xc ./Src/rcc.o
 .group         0x0000000000000000        0xc ./Src/rcc.o
 .group         0x0000000000000000        0xc ./Src/rcc.o
 .group         0x0000000000000000        0xc ./Src/rcc.o
 .group         0x0000000000000000        0xc ./Src/rcc.o
 .group         0x0000000000000000        0xc ./Src/rcc.o
 .group         0x0000000000000000        0xc ./Src/rcc.o
 .group         0x0000000000000000        0xc ./Src/rcc.o
 .group         0x0000000000000000        0xc ./Src/rcc.o
 .group         0x0000000000000000        0xc ./Src/rcc.o
 .group         0x0000000000000000        0xc ./Src/rcc.o
 .group         0x0000000000000000        0xc ./Src/rcc.o
 .group         0x0000000000000000        0xc ./Src/rcc.o
 .group         0x0000000000000000        0xc ./Src/rcc.o
 .group         0x0000000000000000        0xc ./Src/rcc.o
 .text          0x0000000000000000        0x0 ./Src/rcc.o
 .data          0x0000000000000000        0x0 ./Src/rcc.o
 .bss           0x0000000000000000        0x0 ./Src/rcc.o
 .debug_macro   0x0000000000000000      0xaae ./Src/rcc.o
 .debug_macro   0x0000000000000000       0x3b ./Src/rcc.o
 .debug_macro   0x0000000000000000       0x22 ./Src/rcc.o
 .debug_macro   0x0000000000000000       0x8e ./Src/rcc.o
 .debug_macro   0x0000000000000000       0x51 ./Src/rcc.o
 .debug_macro   0x0000000000000000      0x103 ./Src/rcc.o
 .debug_macro   0x0000000000000000       0x6a ./Src/rcc.o
 .debug_macro   0x0000000000000000      0x1df ./Src/rcc.o
 .debug_macro   0x0000000000000000       0x1c ./Src/rcc.o
 .debug_macro   0x0000000000000000       0x22 ./Src/rcc.o
 .debug_macro   0x0000000000000000       0xdf ./Src/rcc.o
 .debug_macro   0x0000000000000000     0x12cd ./Src/rcc.o
 .debug_macro   0x0000000000000000      0x11f ./Src/rcc.o
 .debug_macro   0x0000000000000000       0x19 ./Src/rcc.o
 .debug_macro   0x0000000000000000    0x190f0 ./Src/rcc.o
 .group         0x0000000000000000        0xc ./Src/syscalls.o
 .group         0x0000000000000000        0xc ./Src/syscalls.o
 .group         0x0000000000000000        0xc ./Src/syscalls.o
 .group         0x0000000000000000        0xc ./Src/syscalls.o
 .group         0x0000000000000000        0xc ./Src/syscalls.o
 .group         0x0000000000000000        0xc ./Src/syscalls.o
 .group         0x0000000000000000        0xc ./Src/syscalls.o
 .group         0x0000000000000000        0xc ./Src/syscalls.o
 .group         0x0000000000000000        0xc ./Src/syscalls.o
 .group         0x0000000000000000        0xc ./Src/syscalls.o
 .group         0x0000000000000000        0xc ./Src/syscalls.o
 .group         0x0000000000000000        0xc ./Src/syscalls.o
 .group         0x0000000000000000        0xc ./Src/syscalls.o
 .group         0x0000000000000000        0xc ./Src/syscalls.o
 .group         0x0000000000000000        0xc ./Src/syscalls.o
 .group         0x0000000000000000        0xc ./Src/syscalls.o
 .group         0x0000000000000000        0xc ./Src/syscalls.o
 .group         0x0000000000000000        0xc ./Src/syscalls.o
 .group         0x0000000000000000        0xc ./Src/syscalls.o
 .group         0x0000000000000000        0xc ./Src/syscalls.o
 .group         0x0000000000000000        0xc ./Src/syscalls.o
 .group         0x0000000000000000        0xc ./Src/syscalls.o
 .group         0x0000000000000000        0xc ./Src/syscalls.o
 .group         0x0000000000000000        0xc ./Src/syscalls.o
 .group         0x0000000000000000        0xc ./Src/syscalls.o
 .group         0x0000000000000000        0xc ./Src/syscalls.o
 .group         0x0000000000000000        0xc ./Src/syscalls.o
 .group         0x0000000000000000        0xc ./Src/syscalls.o
 .group         0x0000000000000000        0xc ./Src/syscalls.o
 .group         0x0000000000000000        0xc ./Src/syscalls.o
 .group         0x0000000000000000        0xc ./Src/syscalls.o
 .group         0x0000000000000000        0xc ./Src/syscalls.o
 .group         0x0000000000000000        0xc ./Src/syscalls.o
 .group         0x0000000000000000        0xc ./Src/syscalls.o
 .group         0x0000000000000000        0xc ./Src/syscalls.o
 .group         0x0000000000000000        0xc ./Src/syscalls.o
 .group         0x0000000000000000        0xc ./Src/syscalls.o
 .group         0x0000000000000000        0xc ./Src/syscalls.o
 .group         0x0000000000000000        0xc ./Src/syscalls.o
 .group         0x0000000000000000        0xc ./Src/syscalls.o
 .group         0x0000000000000000        0xc ./Src/syscalls.o
 .group         0x0000000000000000        0xc ./Src/syscalls.o
 .group         0x0000000000000000        0xc ./Src/syscalls.o
 .group         0x0000000000000000        0xc ./Src/syscalls.o
 .group         0x0000000000000000        0xc ./Src/syscalls.o
 .group         0x0000000000000000        0xc ./Src/syscalls.o
 .group         0x0000000000000000        0xc ./Src/syscalls.o
 .text          0x0000000000000000        0x0 ./Src/syscalls.o
 .data          0x0000000000000000        0x0 ./Src/syscalls.o
 .bss           0x0000000000000000        0x0 ./Src/syscalls.o
 .bss.__env     0x0000000000000000        0x4 ./Src/syscalls.o
 .data.environ  0x0000000000000000        0x4 ./Src/syscalls.o
 .text.initialise_monitor_handles
                0x0000000000000000        0xe ./Src/syscalls.o
 .text._getpid  0x0000000000000000       0x10 ./Src/syscalls.o
 .text._kill    0x0000000000000000       0x20 ./Src/syscalls.o
 .text._exit    0x0000000000000000       0x14 ./Src/syscalls.o
 .text._read    0x0000000000000000       0x3a ./Src/syscalls.o
 .text._write   0x0000000000000000       0x38 ./Src/syscalls.o
 .text._close   0x0000000000000000       0x18 ./Src/syscalls.o
 .text._fstat   0x0000000000000000       0x20 ./Src/syscalls.o
 .text._isatty  0x0000000000000000       0x16 ./Src/syscalls.o
 .text._lseek   0x0000000000000000       0x1a ./Src/syscalls.o
 .text._open    0x0000000000000000       0x1c ./Src/syscalls.o
 .text._wait    0x0000000000000000       0x1e ./Src/syscalls.o
 .text._unlink  0x0000000000000000       0x1e ./Src/syscalls.o
 .text._times   0x0000000000000000       0x18 ./Src/syscalls.o
 .text._stat    0x0000000000000000       0x20 ./Src/syscalls.o
 .text._link    0x0000000000000000       0x20 ./Src/syscalls.o
 .text._fork    0x0000000000000000       0x16 ./Src/syscalls.o
 .text._execve  0x0000000000000000       0x22 ./Src/syscalls.o
 .debug_info    0x0000000000000000      0xfa8 ./Src/syscalls.o
 .debug_abbrev  0x0000000000000000      0x286 ./Src/syscalls.o
 .debug_aranges
                0x0000000000000000       0xa8 ./Src/syscalls.o
 .debug_ranges  0x0000000000000000       0x98 ./Src/syscalls.o
 .debug_macro   0x0000000000000000      0x24c ./Src/syscalls.o
 .debug_macro   0x0000000000000000      0xaae ./Src/syscalls.o
 .debug_macro   0x0000000000000000       0x22 ./Src/syscalls.o
 .debug_macro   0x0000000000000000       0x4c ./Src/syscalls.o
 .debug_macro   0x0000000000000000       0x18 ./Src/syscalls.o
 .debug_macro   0x0000000000000000       0x94 ./Src/syscalls.o
 .debug_macro   0x0000000000000000       0x3c ./Src/syscalls.o
 .debug_macro   0x0000000000000000       0x34 ./Src/syscalls.o
 .debug_macro   0x0000000000000000       0x57 ./Src/syscalls.o
 .debug_macro   0x0000000000000000      0x174 ./Src/syscalls.o
 .debug_macro   0x0000000000000000      0x339 ./Src/syscalls.o
 .debug_macro   0x0000000000000000       0x16 ./Src/syscalls.o
 .debug_macro   0x0000000000000000       0x43 ./Src/syscalls.o
 .debug_macro   0x0000000000000000       0x34 ./Src/syscalls.o
 .debug_macro   0x0000000000000000       0x10 ./Src/syscalls.o
 .debug_macro   0x0000000000000000       0x58 ./Src/syscalls.o
 .debug_macro   0x0000000000000000       0x71 ./Src/syscalls.o
 .debug_macro   0x0000000000000000       0x1c ./Src/syscalls.o
 .debug_macro   0x0000000000000000      0x12a ./Src/syscalls.o
 .debug_macro   0x0000000000000000       0x10 ./Src/syscalls.o
 .debug_macro   0x0000000000000000       0x35 ./Src/syscalls.o
 .debug_macro   0x0000000000000000       0x10 ./Src/syscalls.o
 .debug_macro   0x0000000000000000       0x10 ./Src/syscalls.o
 .debug_macro   0x0000000000000000       0x10 ./Src/syscalls.o
 .debug_macro   0x0000000000000000       0x6a ./Src/syscalls.o
 .debug_macro   0x0000000000000000       0x1c ./Src/syscalls.o
 .debug_macro   0x0000000000000000       0x52 ./Src/syscalls.o
 .debug_macro   0x0000000000000000       0x22 ./Src/syscalls.o
 .debug_macro   0x0000000000000000       0x10 ./Src/syscalls.o
 .debug_macro   0x0000000000000000       0x40 ./Src/syscalls.o
 .debug_macro   0x0000000000000000       0xd5 ./Src/syscalls.o
 .debug_macro   0x0000000000000000       0x1c ./Src/syscalls.o
 .debug_macro   0x0000000000000000       0x3d ./Src/syscalls.o
 .debug_macro   0x0000000000000000       0x35 ./Src/syscalls.o
 .debug_macro   0x0000000000000000      0x12c ./Src/syscalls.o
 .debug_macro   0x0000000000000000       0x16 ./Src/syscalls.o
 .debug_macro   0x0000000000000000       0x16 ./Src/syscalls.o
 .debug_macro   0x0000000000000000       0x29 ./Src/syscalls.o
 .debug_macro   0x0000000000000000       0x10 ./Src/syscalls.o
 .debug_macro   0x0000000000000000      0x241 ./Src/syscalls.o
 .debug_macro   0x0000000000000000       0x1c ./Src/syscalls.o
 .debug_macro   0x0000000000000000       0x10 ./Src/syscalls.o
 .debug_macro   0x0000000000000000       0x10 ./Src/syscalls.o
 .debug_macro   0x0000000000000000       0x16 ./Src/syscalls.o
 .debug_macro   0x0000000000000000      0x145 ./Src/syscalls.o
 .debug_macro   0x0000000000000000      0x189 ./Src/syscalls.o
 .debug_macro   0x0000000000000000       0x16 ./Src/syscalls.o
 .debug_macro   0x0000000000000000       0xce ./Src/syscalls.o
 .debug_line    0x0000000000000000      0x7df ./Src/syscalls.o
 .debug_str     0x0000000000000000     0x8ebf ./Src/syscalls.o
 .comment       0x0000000000000000       0x54 ./Src/syscalls.o
 .debug_frame   0x0000000000000000      0x2ac ./Src/syscalls.o
 .ARM.attributes
                0x0000000000000000       0x34 ./Src/syscalls.o
 .group         0x0000000000000000        0xc ./Src/sysmem.o
 .group         0x0000000000000000        0xc ./Src/sysmem.o
 .group         0x0000000000000000        0xc ./Src/sysmem.o
 .group         0x0000000000000000        0xc ./Src/sysmem.o
 .group         0x0000000000000000        0xc ./Src/sysmem.o
 .group         0x0000000000000000        0xc ./Src/sysmem.o
 .group         0x0000000000000000        0xc ./Src/sysmem.o
 .group         0x0000000000000000        0xc ./Src/sysmem.o
 .group         0x0000000000000000        0xc ./Src/sysmem.o
 .group         0x0000000000000000        0xc ./Src/sysmem.o
 .group         0x0000000000000000        0xc ./Src/sysmem.o
 .group         0x0000000000000000        0xc ./Src/sysmem.o
 .group         0x0000000000000000        0xc ./Src/sysmem.o
 .group         0x0000000000000000        0xc ./Src/sysmem.o
 .group         0x0000000000000000        0xc ./Src/sysmem.o
 .group         0x0000000000000000        0xc ./Src/sysmem.o
 .group         0x0000000000000000        0xc ./Src/sysmem.o
 .group         0x0000000000000000        0xc ./Src/sysmem.o
 .group         0x0000000000000000        0xc ./Src/sysmem.o
 .group         0x0000000000000000        0xc ./Src/sysmem.o
 .group         0x0000000000000000        0xc ./Src/sysmem.o
 .group         0x0000000000000000        0xc ./Src/sysmem.o
 .text          0x0000000000000000        0x0 ./Src/sysmem.o
 .data          0x0000000000000000        0x0 ./Src/sysmem.o
 .bss           0x0000000000000000        0x0 ./Src/sysmem.o
 .bss.__sbrk_heap_end
                0x0000000000000000        0x4 ./Src/sysmem.o
 .text._sbrk    0x0000000000000000       0x6c ./Src/sysmem.o
 .debug_info    0x0000000000000000      0xa25 ./Src/sysmem.o
 .debug_abbrev  0x0000000000000000      0x1bf ./Src/sysmem.o
 .debug_aranges
                0x0000000000000000       0x20 ./Src/sysmem.o
 .debug_ranges  0x0000000000000000       0x10 ./Src/sysmem.o
 .debug_macro   0x0000000000000000       0xff ./Src/sysmem.o
 .debug_macro   0x0000000000000000      0xaae ./Src/sysmem.o
 .debug_macro   0x0000000000000000       0x10 ./Src/sysmem.o
 .debug_macro   0x0000000000000000       0x22 ./Src/sysmem.o
 .debug_macro   0x0000000000000000       0x4c ./Src/sysmem.o
 .debug_macro   0x0000000000000000       0x18 ./Src/sysmem.o
 .debug_macro   0x0000000000000000       0x94 ./Src/sysmem.o
 .debug_macro   0x0000000000000000       0x3c ./Src/sysmem.o
 .debug_macro   0x0000000000000000       0x34 ./Src/sysmem.o
 .debug_macro   0x0000000000000000      0x174 ./Src/sysmem.o
 .debug_macro   0x0000000000000000       0x16 ./Src/sysmem.o
 .debug_macro   0x0000000000000000       0x43 ./Src/sysmem.o
 .debug_macro   0x0000000000000000       0x57 ./Src/sysmem.o
 .debug_macro   0x0000000000000000       0x34 ./Src/sysmem.o
 .debug_macro   0x0000000000000000       0x10 ./Src/sysmem.o
 .debug_macro   0x0000000000000000       0x58 ./Src/sysmem.o
 .debug_macro   0x0000000000000000       0x71 ./Src/sysmem.o
 .debug_macro   0x0000000000000000       0x1c ./Src/sysmem.o
 .debug_macro   0x0000000000000000      0x12a ./Src/sysmem.o
 .debug_macro   0x0000000000000000      0x23b ./Src/sysmem.o
 .debug_macro   0x0000000000000000      0x103 ./Src/sysmem.o
 .debug_macro   0x0000000000000000       0x6a ./Src/sysmem.o
 .debug_macro   0x0000000000000000      0x1df ./Src/sysmem.o
 .debug_line    0x0000000000000000      0x4d5 ./Src/sysmem.o
 .debug_str     0x0000000000000000     0x6292 ./Src/sysmem.o
 .comment       0x0000000000000000       0x54 ./Src/sysmem.o
 .debug_frame   0x0000000000000000       0x34 ./Src/sysmem.o
 .ARM.attributes
                0x0000000000000000       0x34 ./Src/sysmem.o
 .group         0x0000000000000000        0xc ./Src/usart1.o
 .group         0x0000000000000000        0xc ./Src/usart1.o
 .group         0x0000000000000000        0xc ./Src/usart1.o
 .group         0x0000000000000000        0xc ./Src/usart1.o
 .group         0x0000000000000000        0xc ./Src/usart1.o
 .group         0x0000000000000000        0xc ./Src/usart1.o
 .group         0x0000000000000000        0xc ./Src/usart1.o
 .group         0x0000000000000000        0xc ./Src/usart1.o
 .group         0x0000000000000000        0xc ./Src/usart1.o
 .group         0x0000000000000000        0xc ./Src/usart1.o
 .group         0x0000000000000000        0xc ./Src/usart1.o
 .group         0x0000000000000000        0xc ./Src/usart1.o
 .group         0x0000000000000000        0xc ./Src/usart1.o
 .group         0x0000000000000000        0xc ./Src/usart1.o
 .group         0x0000000000000000        0xc ./Src/usart1.o
 .text          0x0000000000000000        0x0 ./Src/usart1.o
 .data          0x0000000000000000        0x0 ./Src/usart1.o
 .bss           0x0000000000000000        0x0 ./Src/usart1.o
 .text.usart_disable
                0x0000000000000000       0x24 ./Src/usart1.o
 .text.usart_disable_tx
                0x0000000000000000       0x24 ./Src/usart1.o
 .text.usart_disable_rx
                0x0000000000000000       0x24 ./Src/usart1.o
 .debug_macro   0x0000000000000000      0xaae ./Src/usart1.o
 .debug_macro   0x0000000000000000       0x3b ./Src/usart1.o
 .debug_macro   0x0000000000000000       0x22 ./Src/usart1.o
 .debug_macro   0x0000000000000000       0x8e ./Src/usart1.o
 .debug_macro   0x0000000000000000       0x51 ./Src/usart1.o
 .debug_macro   0x0000000000000000      0x103 ./Src/usart1.o
 .debug_macro   0x0000000000000000       0x6a ./Src/usart1.o
 .debug_macro   0x0000000000000000      0x1df ./Src/usart1.o
 .debug_macro   0x0000000000000000       0x1c ./Src/usart1.o
 .debug_macro   0x0000000000000000       0x22 ./Src/usart1.o
 .debug_macro   0x0000000000000000       0xdf ./Src/usart1.o
 .debug_macro   0x0000000000000000     0x12cd ./Src/usart1.o
 .debug_macro   0x0000000000000000      0x11f ./Src/usart1.o
 .debug_macro   0x0000000000000000       0x19 ./Src/usart1.o
 .debug_macro   0x0000000000000000    0x190f0 ./Src/usart1.o
 .text          0x0000000000000000       0x14 ./Startup/startup_stm32f746nghx.o
 .data          0x0000000000000000        0x0 ./Startup/startup_stm32f746nghx.o
 .bss           0x0000000000000000        0x0 ./Startup/startup_stm32f746nghx.o
 .text          0x0000000000000000        0x0 c:/st/stm32cubeide/stm32cubeide/plugins/com.st.stm32cube.ide.mcu.externaltools.gnu-tools-for-stm32.9-2020-q2-update.win32_2.0.0.202105311346/tools/bin/../lib/gcc/arm-none-eabi/9.3.1/../../../../arm-none-eabi/lib/thumb/v7e-m+fp/hard\libc_nano.a(lib_a-errno.o)
 .data          0x0000000000000000        0x0 c:/st/stm32cubeide/stm32cubeide/plugins/com.st.stm32cube.ide.mcu.externaltools.gnu-tools-for-stm32.9-2020-q2-update.win32_2.0.0.202105311346/tools/bin/../lib/gcc/arm-none-eabi/9.3.1/../../../../arm-none-eabi/lib/thumb/v7e-m+fp/hard\libc_nano.a(lib_a-errno.o)
 .bss           0x0000000000000000        0x0 c:/st/stm32cubeide/stm32cubeide/plugins/com.st.stm32cube.ide.mcu.externaltools.gnu-tools-for-stm32.9-2020-q2-update.win32_2.0.0.202105311346/tools/bin/../lib/gcc/arm-none-eabi/9.3.1/../../../../arm-none-eabi/lib/thumb/v7e-m+fp/hard\libc_nano.a(lib_a-errno.o)
 .text.__errno  0x0000000000000000        0xc c:/st/stm32cubeide/stm32cubeide/plugins/com.st.stm32cube.ide.mcu.externaltools.gnu-tools-for-stm32.9-2020-q2-update.win32_2.0.0.202105311346/tools/bin/../lib/gcc/arm-none-eabi/9.3.1/../../../../arm-none-eabi/lib/thumb/v7e-m+fp/hard\libc_nano.a(lib_a-errno.o)
 .debug_frame   0x0000000000000000       0x20 c:/st/stm32cubeide/stm32cubeide/plugins/com.st.stm32cube.ide.mcu.externaltools.gnu-tools-for-stm32.9-2020-q2-update.win32_2.0.0.202105311346/tools/bin/../lib/gcc/arm-none-eabi/9.3.1/../../../../arm-none-eabi/lib/thumb/v7e-m+fp/hard\libc_nano.a(lib_a-errno.o)
 .ARM.attributes
                0x0000000000000000       0x34 c:/st/stm32cubeide/stm32cubeide/plugins/com.st.stm32cube.ide.mcu.externaltools.gnu-tools-for-stm32.9-2020-q2-update.win32_2.0.0.202105311346/tools/bin/../lib/gcc/arm-none-eabi/9.3.1/../../../../arm-none-eabi/lib/thumb/v7e-m+fp/hard\libc_nano.a(lib_a-errno.o)
 .text          0x0000000000000000        0x0 c:/st/stm32cubeide/stm32cubeide/plugins/com.st.stm32cube.ide.mcu.externaltools.gnu-tools-for-stm32.9-2020-q2-update.win32_2.0.0.202105311346/tools/bin/../lib/gcc/arm-none-eabi/9.3.1/../../../../arm-none-eabi/lib/thumb/v7e-m+fp/hard\libc_nano.a(lib_a-exit.o)
 .data          0x0000000000000000        0x0 c:/st/stm32cubeide/stm32cubeide/plugins/com.st.stm32cube.ide.mcu.externaltools.gnu-tools-for-stm32.9-2020-q2-update.win32_2.0.0.202105311346/tools/bin/../lib/gcc/arm-none-eabi/9.3.1/../../../../arm-none-eabi/lib/thumb/v7e-m+fp/hard\libc_nano.a(lib_a-exit.o)
 .bss           0x0000000000000000        0x0 c:/st/stm32cubeide/stm32cubeide/plugins/com.st.stm32cube.ide.mcu.externaltools.gnu-tools-for-stm32.9-2020-q2-update.win32_2.0.0.202105311346/tools/bin/../lib/gcc/arm-none-eabi/9.3.1/../../../../arm-none-eabi/lib/thumb/v7e-m+fp/hard\libc_nano.a(lib_a-exit.o)
 .text.exit     0x0000000000000000       0x28 c:/st/stm32cubeide/stm32cubeide/plugins/com.st.stm32cube.ide.mcu.externaltools.gnu-tools-for-stm32.9-2020-q2-update.win32_2.0.0.202105311346/tools/bin/../lib/gcc/arm-none-eabi/9.3.1/../../../../arm-none-eabi/lib/thumb/v7e-m+fp/hard\libc_nano.a(lib_a-exit.o)
 .debug_frame   0x0000000000000000       0x28 c:/st/stm32cubeide/stm32cubeide/plugins/com.st.stm32cube.ide.mcu.externaltools.gnu-tools-for-stm32.9-2020-q2-update.win32_2.0.0.202105311346/tools/bin/../lib/gcc/arm-none-eabi/9.3.1/../../../../arm-none-eabi/lib/thumb/v7e-m+fp/hard\libc_nano.a(lib_a-exit.o)
 .ARM.attributes
                0x0000000000000000       0x34 c:/st/stm32cubeide/stm32cubeide/plugins/com.st.stm32cube.ide.mcu.externaltools.gnu-tools-for-stm32.9-2020-q2-update.win32_2.0.0.202105311346/tools/bin/../lib/gcc/arm-none-eabi/9.3.1/../../../../arm-none-eabi/lib/thumb/v7e-m+fp/hard\libc_nano.a(lib_a-exit.o)
 .text          0x0000000000000000        0x0 c:/st/stm32cubeide/stm32cubeide/plugins/com.st.stm32cube.ide.mcu.externaltools.gnu-tools-for-stm32.9-2020-q2-update.win32_2.0.0.202105311346/tools/bin/../lib/gcc/arm-none-eabi/9.3.1/../../../../arm-none-eabi/lib/thumb/v7e-m+fp/hard\libc_nano.a(lib_a-impure.o)
 .data          0x0000000000000000        0x0 c:/st/stm32cubeide/stm32cubeide/plugins/com.st.stm32cube.ide.mcu.externaltools.gnu-tools-for-stm32.9-2020-q2-update.win32_2.0.0.202105311346/tools/bin/../lib/gcc/arm-none-eabi/9.3.1/../../../../arm-none-eabi/lib/thumb/v7e-m+fp/hard\libc_nano.a(lib_a-impure.o)
 .bss           0x0000000000000000        0x0 c:/st/stm32cubeide/stm32cubeide/plugins/com.st.stm32cube.ide.mcu.externaltools.gnu-tools-for-stm32.9-2020-q2-update.win32_2.0.0.202105311346/tools/bin/../lib/gcc/arm-none-eabi/9.3.1/../../../../arm-none-eabi/lib/thumb/v7e-m+fp/hard\libc_nano.a(lib_a-impure.o)
 .data._impure_ptr
                0x0000000000000000        0x4 c:/st/stm32cubeide/stm32cubeide/plugins/com.st.stm32cube.ide.mcu.externaltools.gnu-tools-for-stm32.9-2020-q2-update.win32_2.0.0.202105311346/tools/bin/../lib/gcc/arm-none-eabi/9.3.1/../../../../arm-none-eabi/lib/thumb/v7e-m+fp/hard\libc_nano.a(lib_a-impure.o)
 .data.impure_data
                0x0000000000000000       0x60 c:/st/stm32cubeide/stm32cubeide/plugins/com.st.stm32cube.ide.mcu.externaltools.gnu-tools-for-stm32.9-2020-q2-update.win32_2.0.0.202105311346/tools/bin/../lib/gcc/arm-none-eabi/9.3.1/../../../../arm-none-eabi/lib/thumb/v7e-m+fp/hard\libc_nano.a(lib_a-impure.o)
 .rodata._global_impure_ptr
                0x0000000000000000        0x4 c:/st/stm32cubeide/stm32cubeide/plugins/com.st.stm32cube.ide.mcu.externaltools.gnu-tools-for-stm32.9-2020-q2-update.win32_2.0.0.202105311346/tools/bin/../lib/gcc/arm-none-eabi/9.3.1/../../../../arm-none-eabi/lib/thumb/v7e-m+fp/hard\libc_nano.a(lib_a-impure.o)
 .ARM.attributes
                0x0000000000000000       0x32 c:/st/stm32cubeide/stm32cubeide/plugins/com.st.stm32cube.ide.mcu.externaltools.gnu-tools-for-stm32.9-2020-q2-update.win32_2.0.0.202105311346/tools/bin/../lib/gcc/arm-none-eabi/9.3.1/../../../../arm-none-eabi/lib/thumb/v7e-m+fp/hard\libc_nano.a(lib_a-impure.o)
 .text          0x0000000000000000        0x0 c:/st/stm32cubeide/stm32cubeide/plugins/com.st.stm32cube.ide.mcu.externaltools.gnu-tools-for-stm32.9-2020-q2-update.win32_2.0.0.202105311346/tools/bin/../lib/gcc/arm-none-eabi/9.3.1/../../../../arm-none-eabi/lib/thumb/v7e-m+fp/hard\libc_nano.a(lib_a-init.o)
 .data          0x0000000000000000        0x0 c:/st/stm32cubeide/stm32cubeide/plugins/com.st.stm32cube.ide.mcu.externaltools.gnu-tools-for-stm32.9-2020-q2-update.win32_2.0.0.202105311346/tools/bin/../lib/gcc/arm-none-eabi/9.3.1/../../../../arm-none-eabi/lib/thumb/v7e-m+fp/hard\libc_nano.a(lib_a-init.o)
 .bss           0x0000000000000000        0x0 c:/st/stm32cubeide/stm32cubeide/plugins/com.st.stm32cube.ide.mcu.externaltools.gnu-tools-for-stm32.9-2020-q2-update.win32_2.0.0.202105311346/tools/bin/../lib/gcc/arm-none-eabi/9.3.1/../../../../arm-none-eabi/lib/thumb/v7e-m+fp/hard\libc_nano.a(lib_a-init.o)
 .text          0x0000000000000000        0x0 c:/st/stm32cubeide/stm32cubeide/plugins/com.st.stm32cube.ide.mcu.externaltools.gnu-tools-for-stm32.9-2020-q2-update.win32_2.0.0.202105311346/tools/bin/../lib/gcc/arm-none-eabi/9.3.1/../../../../arm-none-eabi/lib/thumb/v7e-m+fp/hard\libc_nano.a(lib_a-memset.o)
 .data          0x0000000000000000        0x0 c:/st/stm32cubeide/stm32cubeide/plugins/com.st.stm32cube.ide.mcu.externaltools.gnu-tools-for-stm32.9-2020-q2-update.win32_2.0.0.202105311346/tools/bin/../lib/gcc/arm-none-eabi/9.3.1/../../../../arm-none-eabi/lib/thumb/v7e-m+fp/hard\libc_nano.a(lib_a-memset.o)
 .bss           0x0000000000000000        0x0 c:/st/stm32cubeide/stm32cubeide/plugins/com.st.stm32cube.ide.mcu.externaltools.gnu-tools-for-stm32.9-2020-q2-update.win32_2.0.0.202105311346/tools/bin/../lib/gcc/arm-none-eabi/9.3.1/../../../../arm-none-eabi/lib/thumb/v7e-m+fp/hard\libc_nano.a(lib_a-memset.o)
 .text.memset   0x0000000000000000       0x10 c:/st/stm32cubeide/stm32cubeide/plugins/com.st.stm32cube.ide.mcu.externaltools.gnu-tools-for-stm32.9-2020-q2-update.win32_2.0.0.202105311346/tools/bin/../lib/gcc/arm-none-eabi/9.3.1/../../../../arm-none-eabi/lib/thumb/v7e-m+fp/hard\libc_nano.a(lib_a-memset.o)
 .debug_frame   0x0000000000000000       0x20 c:/st/stm32cubeide/stm32cubeide/plugins/com.st.stm32cube.ide.mcu.externaltools.gnu-tools-for-stm32.9-2020-q2-update.win32_2.0.0.202105311346/tools/bin/../lib/gcc/arm-none-eabi/9.3.1/../../../../arm-none-eabi/lib/thumb/v7e-m+fp/hard\libc_nano.a(lib_a-memset.o)
 .ARM.attributes
                0x0000000000000000       0x34 c:/st/stm32cubeide/stm32cubeide/plugins/com.st.stm32cube.ide.mcu.externaltools.gnu-tools-for-stm32.9-2020-q2-update.win32_2.0.0.202105311346/tools/bin/../lib/gcc/arm-none-eabi/9.3.1/../../../../arm-none-eabi/lib/thumb/v7e-m+fp/hard\libc_nano.a(lib_a-memset.o)
 .text          0x0000000000000000        0x0 c:/st/stm32cubeide/stm32cubeide/plugins/com.st.stm32cube.ide.mcu.externaltools.gnu-tools-for-stm32.9-2020-q2-update.win32_2.0.0.202105311346/tools/bin/../lib/gcc/arm-none-eabi/9.3.1/thumb/v7e-m+fp/hard/crtend.o
 .data          0x0000000000000000        0x0 c:/st/stm32cubeide/stm32cubeide/plugins/com.st.stm32cube.ide.mcu.externaltools.gnu-tools-for-stm32.9-2020-q2-update.win32_2.0.0.202105311346/tools/bin/../lib/gcc/arm-none-eabi/9.3.1/thumb/v7e-m+fp/hard/crtend.o
 .bss           0x0000000000000000        0x0 c:/st/stm32cubeide/stm32cubeide/plugins/com.st.stm32cube.ide.mcu.externaltools.gnu-tools-for-stm32.9-2020-q2-update.win32_2.0.0.202105311346/tools/bin/../lib/gcc/arm-none-eabi/9.3.1/thumb/v7e-m+fp/hard/crtend.o
 .eh_frame      0x0000000000000000        0x4 c:/st/stm32cubeide/stm32cubeide/plugins/com.st.stm32cube.ide.mcu.externaltools.gnu-tools-for-stm32.9-2020-q2-update.win32_2.0.0.202105311346/tools/bin/../lib/gcc/arm-none-eabi/9.3.1/thumb/v7e-m+fp/hard/crtend.o
 .ARM.attributes
                0x0000000000000000       0x32 c:/st/stm32cubeide/stm32cubeide/plugins/com.st.stm32cube.ide.mcu.externaltools.gnu-tools-for-stm32.9-2020-q2-update.win32_2.0.0.202105311346/tools/bin/../lib/gcc/arm-none-eabi/9.3.1/thumb/v7e-m+fp/hard/crtend.o
 .text          0x0000000000000000        0x0 c:/st/stm32cubeide/stm32cubeide/plugins/com.st.stm32cube.ide.mcu.externaltools.gnu-tools-for-stm32.9-2020-q2-update.win32_2.0.0.202105311346/tools/bin/../lib/gcc/arm-none-eabi/9.3.1/thumb/v7e-m+fp/hard/crtn.o
 .data          0x0000000000000000        0x0 c:/st/stm32cubeide/stm32cubeide/plugins/com.st.stm32cube.ide.mcu.externaltools.gnu-tools-for-stm32.9-2020-q2-update.win32_2.0.0.202105311346/tools/bin/../lib/gcc/arm-none-eabi/9.3.1/thumb/v7e-m+fp/hard/crtn.o
 .bss           0x0000000000000000        0x0 c:/st/stm32cubeide/stm32cubeide/plugins/com.st.stm32cube.ide.mcu.externaltools.gnu-tools-for-stm32.9-2020-q2-update.win32_2.0.0.202105311346/tools/bin/../lib/gcc/arm-none-eabi/9.3.1/thumb/v7e-m+fp/hard/crtn.o

Memory Configuration

Name             Origin             Length             Attributes
RAM              0x0000000020000000 0x0000000000050000 xrw
FLASH            0x0000000008000000 0x0000000000100000 xr
*default*        0x0000000000000000 0xffffffffffffffff

Linker script and memory map

LOAD c:/st/stm32cubeide/stm32cubeide/plugins/com.st.stm32cube.ide.mcu.externaltools.gnu-tools-for-stm32.9-2020-q2-update.win32_2.0.0.202105311346/tools/bin/../lib/gcc/arm-none-eabi/9.3.1/thumb/v7e-m+fp/hard/crti.o
LOAD c:/st/stm32cubeide/stm32cubeide/plugins/com.st.stm32cube.ide.mcu.externaltools.gnu-tools-for-stm32.9-2020-q2-update.win32_2.0.0.202105311346/tools/bin/../lib/gcc/arm-none-eabi/9.3.1/thumb/v7e-m+fp/hard/crtbegin.o
LOAD c:/st/stm32cubeide/stm32cubeide/plugins/com.st.stm32cube.ide.mcu.externaltools.gnu-tools-for-stm32.9-2020-q2-update.win32_2.0.0.202105311346/tools/bin/../lib/gcc/arm-none-eabi/9.3.1/../../../../arm-none-eabi/lib/thumb/v7e-m+fp/hard/crt0.o
LOAD ./Src/adc.o
LOAD ./Src/gpio.o
LOAD ./Src/main.o
LOAD ./Src/nvic.o
LOAD ./Src/rcc.o
LOAD ./Src/syscalls.o
LOAD ./Src/sysmem.o
LOAD ./Src/usart1.o
LOAD ./Startup/startup_stm32f746nghx.o
START GROUP
LOAD c:/st/stm32cubeide/stm32cubeide/plugins/com.st.stm32cube.ide.mcu.externaltools.gnu-tools-for-stm32.9-2020-q2-update.win32_2.0.0.202105311346/tools/bin/../lib/gcc/arm-none-eabi/9.3.1/../../../../arm-none-eabi/lib/thumb/v7e-m+fp/hard\libc_nano.a
LOAD c:/st/stm32cubeide/stm32cubeide/plugins/com.st.stm32cube.ide.mcu.externaltools.gnu-tools-for-stm32.9-2020-q2-update.win32_2.0.0.202105311346/tools/bin/../lib/gcc/arm-none-eabi/9.3.1/../../../../arm-none-eabi/lib/thumb/v7e-m+fp/hard\libm.a
END GROUP
START GROUP
LOAD c:/st/stm32cubeide/stm32cubeide/plugins/com.st.stm32cube.ide.mcu.externaltools.gnu-tools-for-stm32.9-2020-q2-update.win32_2.0.0.202105311346/tools/bin/../lib/gcc/arm-none-eabi/9.3.1/thumb/v7e-m+fp/hard\libgcc.a
LOAD c:/st/stm32cubeide/stm32cubeide/plugins/com.st.stm32cube.ide.mcu.externaltools.gnu-tools-for-stm32.9-2020-q2-update.win32_2.0.0.202105311346/tools/bin/../lib/gcc/arm-none-eabi/9.3.1/../../../../arm-none-eabi/lib/thumb/v7e-m+fp/hard\libc_nano.a
END GROUP
START GROUP
LOAD c:/st/stm32cubeide/stm32cubeide/plugins/com.st.stm32cube.ide.mcu.externaltools.gnu-tools-for-stm32.9-2020-q2-update.win32_2.0.0.202105311346/tools/bin/../lib/gcc/arm-none-eabi/9.3.1/thumb/v7e-m+fp/hard\libgcc.a
LOAD c:/st/stm32cubeide/stm32cubeide/plugins/com.st.stm32cube.ide.mcu.externaltools.gnu-tools-for-stm32.9-2020-q2-update.win32_2.0.0.202105311346/tools/bin/../lib/gcc/arm-none-eabi/9.3.1/../../../../arm-none-eabi/lib/thumb/v7e-m+fp/hard\libc_nano.a
LOAD c:/st/stm32cubeide/stm32cubeide/plugins/com.st.stm32cube.ide.mcu.externaltools.gnu-tools-for-stm32.9-2020-q2-update.win32_2.0.0.202105311346/tools/bin/../lib/gcc/arm-none-eabi/9.3.1/../../../../arm-none-eabi/lib/thumb/v7e-m+fp/hard\libnosys.a
END GROUP
START GROUP
LOAD c:/st/stm32cubeide/stm32cubeide/plugins/com.st.stm32cube.ide.mcu.externaltools.gnu-tools-for-stm32.9-2020-q2-update.win32_2.0.0.202105311346/tools/bin/../lib/gcc/arm-none-eabi/9.3.1/thumb/v7e-m+fp/hard\libgcc.a
LOAD c:/st/stm32cubeide/stm32cubeide/plugins/com.st.stm32cube.ide.mcu.externaltools.gnu-tools-for-stm32.9-2020-q2-update.win32_2.0.0.202105311346/tools/bin/../lib/gcc/arm-none-eabi/9.3.1/../../../../arm-none-eabi/lib/thumb/v7e-m+fp/hard\libc_nano.a
LOAD c:/st/stm32cubeide/stm32cubeide/plugins/com.st.stm32cube.ide.mcu.externaltools.gnu-tools-for-stm32.9-2020-q2-update.win32_2.0.0.202105311346/tools/bin/../lib/gcc/arm-none-eabi/9.3.1/../../../../arm-none-eabi/lib/thumb/v7e-m+fp/hard\libnosys.a
END GROUP
LOAD c:/st/stm32cubeide/stm32cubeide/plugins/com.st.stm32cube.ide.mcu.externaltools.gnu-tools-for-stm32.9-2020-q2-update.win32_2.0.0.202105311346/tools/bin/../lib/gcc/arm-none-eabi/9.3.1/thumb/v7e-m+fp/hard/crtend.o
LOAD c:/st/stm32cubeide/stm32cubeide/plugins/com.st.stm32cube.ide.mcu.externaltools.gnu-tools-for-stm32.9-2020-q2-update.win32_2.0.0.202105311346/tools/bin/../lib/gcc/arm-none-eabi/9.3.1/thumb/v7e-m+fp/hard/crtn.o
                0x0000000020050000                _estack = (ORIGIN (RAM) + LENGTH (RAM))
                0x0000000000000200                _Min_Heap_Size = 0x200
                0x0000000000000400                _Min_Stack_Size = 0x400

.isr_vector     0x0000000008000000      0x1c8
                0x0000000008000000                . = ALIGN (0x4)
 *(.isr_vector)
 .isr_vector    0x0000000008000000      0x1c8 ./Startup/startup_stm32f746nghx.o
                0x0000000008000000                g_pfnVectors
                0x00000000080001c8                . = ALIGN (0x4)

.text           0x00000000080001c8      0x7f0
                0x00000000080001c8                . = ALIGN (0x4)
 *(.text)
 .text          0x00000000080001c8       0x40 c:/st/stm32cubeide/stm32cubeide/plugins/com.st.stm32cube.ide.mcu.externaltools.gnu-tools-for-stm32.9-2020-q2-update.win32_2.0.0.202105311346/tools/bin/../lib/gcc/arm-none-eabi/9.3.1/thumb/v7e-m+fp/hard/crtbegin.o
 *(.text*)
 .text.gpio_setup
                0x0000000008000208       0x14 ./Src/gpio.o
                0x0000000008000208                gpio_setup
 .text.gpio_setup_porta
                0x000000000800021c       0x58 ./Src/gpio.o
                0x000000000800021c                gpio_setup_porta
 .text.gpio_setup_portb
                0x0000000008000274       0x58 ./Src/gpio.o
                0x0000000008000274                gpio_setup_portb
 .text.gpio_setup_porti
                0x00000000080002cc       0x48 ./Src/gpio.o
                0x00000000080002cc                gpio_setup_porti
 .text.blink_ld1
                0x0000000008000314       0x44 ./Src/gpio.o
                0x0000000008000314                blink_ld1
 .text.main     0x0000000008000358       0xdc ./Src/main.o
                0x0000000008000358                main
 .text.__NVIC_EnableIRQ
                0x0000000008000434       0x3c ./Src/nvic.o
 .text.__NVIC_ClearPendingIRQ
                0x0000000008000470       0x3c ./Src/nvic.o
 .text.nvic_setup
                0x00000000080004ac       0x1c ./Src/nvic.o
                0x00000000080004ac                nvic_setup
 .text.USART1_IRQHandler
                0x00000000080004c8       0xf8 ./Src/nvic.o
                0x00000000080004c8                USART1_IRQHandler
 .text.rcc_setup
                0x00000000080005c0       0x18 ./Src/rcc.o
                0x00000000080005c0                rcc_setup
 .text.rcc_usart1
                0x00000000080005d8       0x20 ./Src/rcc.o
                0x00000000080005d8                rcc_usart1
 .text.rcc_gpio_porta
                0x00000000080005f8       0x20 ./Src/rcc.o
                0x00000000080005f8                rcc_gpio_porta
 .text.rcc_gpio_portb
                0x0000000008000618       0x20 ./Src/rcc.o
                0x0000000008000618                rcc_gpio_portb
 .text.rcc_gpio_porti
                0x0000000008000638       0x20 ./Src/rcc.o
                0x0000000008000638                rcc_gpio_porti
 .text.usart_enable
                0x0000000008000658       0x20 ./Src/usart1.o
                0x0000000008000658                usart_enable
 .text.usart_enable_tx
                0x0000000008000678       0x24 ./Src/usart1.o
                0x0000000008000678                usart_enable_tx
 .text.usart_enable_rx
                0x000000000800069c       0x24 ./Src/usart1.o
                0x000000000800069c                usart_enable_rx
 .text.usart_it_setup
                0x00000000080006c0       0xac ./Src/usart1.o
                0x00000000080006c0                usart_it_setup
 .text.usart_it_sendArray
                0x000000000800076c       0xb4 ./Src/usart1.o
                0x000000000800076c                usart_it_sendArray
 .text.uart1_it_tx_getBufferFreeSpace
                0x0000000008000820       0x4c ./Src/usart1.o
                0x0000000008000820                uart1_it_tx_getBufferFreeSpace
 .text.usart_it_receiveArray
                0x000000000800086c       0x78 ./Src/usart1.o
                0x000000000800086c                usart_it_receiveArray
 .text.usart_it_stopReceiveArray
                0x00000000080008e4       0x20 ./Src/usart1.o
                0x00000000080008e4                usart_it_stopReceiveArray
 .text.Reset_Handler
                0x0000000008000904       0x50 ./Startup/startup_stm32f746nghx.o
                0x0000000008000904                Reset_Handler
 .text.Default_Handler
                0x0000000008000954        0x2 ./Startup/startup_stm32f746nghx.o
                0x0000000008000954                HASH_RNG_IRQHandler
                0x0000000008000954                EXTI2_IRQHandler
                0x0000000008000954                TIM8_CC_IRQHandler
                0x0000000008000954                DebugMon_Handler
                0x0000000008000954                UART8_IRQHandler
                0x0000000008000954                SPI4_IRQHandler
                0x0000000008000954                TIM1_CC_IRQHandler
                0x0000000008000954                QuadSPI_IRQHandler
                0x0000000008000954                DMA2_Stream5_IRQHandler
                0x0000000008000954                HardFault_Handler
                0x0000000008000954                DMA1_Stream5_IRQHandler
                0x0000000008000954                SysTick_Handler
                0x0000000008000954                PVD_IRQHandler
                0x0000000008000954                TAMP_STAMP_IRQHandler
                0x0000000008000954                PendSV_Handler
                0x0000000008000954                NMI_Handler
                0x0000000008000954                CAN2_RX1_IRQHandler
                0x0000000008000954                EXTI3_IRQHandler
                0x0000000008000954                TIM8_TRG_COM_TIM14_IRQHandler
                0x0000000008000954                TIM1_UP_TIM10_IRQHandler
                0x0000000008000954                TIM8_UP_TIM13_IRQHandler
                0x0000000008000954                I2C3_ER_IRQHandler
                0x0000000008000954                LCD_TFT_IRQHandler
                0x0000000008000954                EXTI0_IRQHandler
                0x0000000008000954                I2C2_EV_IRQHandler
                0x0000000008000954                DMA1_Stream2_IRQHandler
                0x0000000008000954                CAN1_RX0_IRQHandler
                0x0000000008000954                FPU_IRQHandler
                0x0000000008000954                OTG_HS_WKUP_IRQHandler
                0x0000000008000954                UsageFault_Handler
                0x0000000008000954                LTDC_ER_IRQHandler
                0x0000000008000954                CAN2_SCE_IRQHandler
                0x0000000008000954                DMA2_Stream2_IRQHandler
                0x0000000008000954                SPI1_IRQHandler
                0x0000000008000954                TIM6_DAC_IRQHandler
                0x0000000008000954                TIM1_BRK_TIM9_IRQHandler
                0x0000000008000954                DCMI_IRQHandler
                0x0000000008000954                CAN2_RX0_IRQHandler
                0x0000000008000954                DMA2_Stream3_IRQHandler
                0x0000000008000954                RTC_ALARM_IRQHandler
                0x0000000008000954                SAI2_IRQHandler
                0x0000000008000954                USART6_IRQHandler
                0x0000000008000954                USART3_IRQHandler
                0x0000000008000954                CRYP_IRQHandler
                0x0000000008000954                CAN1_RX1_IRQHandler
                0x0000000008000954                UART5_IRQHandler
                0x0000000008000954                DMA2_Stream0_IRQHandler
                0x0000000008000954                TIM4_IRQHandler
                0x0000000008000954                I2C1_EV_IRQHandler
                0x0000000008000954                HDMI_CEC_IRQHandler
                0x0000000008000954                DMA1_Stream6_IRQHandler
                0x0000000008000954                DMA1_Stream1_IRQHandler
                0x0000000008000954                UART4_IRQHandler
                0x0000000008000954                TIM3_IRQHandler
                0x0000000008000954                RCC_IRQHandler
                0x0000000008000954                TIM8_BRK_TIM12_IRQHandler
                0x0000000008000954                Default_Handler
                0x0000000008000954                EXTI15_10_IRQHandler
                0x0000000008000954                ADC_IRQHandler
                0x0000000008000954                DMA1_Stream7_IRQHandler
                0x0000000008000954                SPI5_IRQHandler
                0x0000000008000954                LPTimer1_IRQHandler
                0x0000000008000954                TIM7_IRQHandler
                0x0000000008000954                SDMMC1_IRQHandler
                0x0000000008000954                CAN2_TX_IRQHandler
                0x0000000008000954                TIM5_IRQHandler
                0x0000000008000954                DMA2_Stream7_IRQHandler
                0x0000000008000954                I2C3_EV_IRQHandler
                0x0000000008000954                EXTI9_5_IRQHandler
                0x0000000008000954                RTC_WKUP_IRQHandler
                0x0000000008000954                ETH_WKUP_IRQHandler
                0x0000000008000954                SPI2_IRQHandler
                0x0000000008000954                OTG_HS_EP1_IN_IRQHandler
                0x0000000008000954                MemManage_Handler
                0x0000000008000954                DMA1_Stream0_IRQHandler
                0x0000000008000954                CAN1_TX_IRQHandler
                0x0000000008000954                SVC_Handler
                0x0000000008000954                EXTI4_IRQHandler
                0x0000000008000954                ETH_IRQHandler
                0x0000000008000954                OTG_HS_EP1_OUT_IRQHandler
                0x0000000008000954                WWDG_IRQHandler
                0x0000000008000954                SPI6_IRQHandler
                0x0000000008000954                I2C4_EV_IRQHandler
                0x0000000008000954                TIM2_IRQHandler
                0x0000000008000954                OTG_FS_WKUP_IRQHandler
                0x0000000008000954                TIM1_TRG_COM_TIM11_IRQHandler
                0x0000000008000954                OTG_HS_IRQHandler
                0x0000000008000954                DMA2D_IRQHandler
                0x0000000008000954                EXTI1_IRQHandler
                0x0000000008000954                UART7_IRQHandler
                0x0000000008000954                USART2_IRQHandler
                0x0000000008000954                I2C2_ER_IRQHandler
                0x0000000008000954                SPDIFRX_IRQHandler
                0x0000000008000954                DMA2_Stream1_IRQHandler
                0x0000000008000954                CAN1_SCE_IRQHandler
                0x0000000008000954                FLASH_IRQHandler
                0x0000000008000954                DMA2_Stream4_IRQHandler
                0x0000000008000954                BusFault_Handler
                0x0000000008000954                OTG_FS_IRQHandler
                0x0000000008000954                SPI3_IRQHandler
                0x0000000008000954                DMA1_Stream4_IRQHandler
                0x0000000008000954                I2C1_ER_IRQHandler
                0x0000000008000954                FMC_IRQHandler
                0x0000000008000954                I2C4_ER_IRQHandler
                0x0000000008000954                DMA2_Stream6_IRQHandler
                0x0000000008000954                SAI1_IRQHandler
                0x0000000008000954                DMA1_Stream3_IRQHandler
 *fill*         0x0000000008000956        0x2 
 .text.__libc_init_array
                0x0000000008000958       0x48 c:/st/stm32cubeide/stm32cubeide/plugins/com.st.stm32cube.ide.mcu.externaltools.gnu-tools-for-stm32.9-2020-q2-update.win32_2.0.0.202105311346/tools/bin/../lib/gcc/arm-none-eabi/9.3.1/../../../../arm-none-eabi/lib/thumb/v7e-m+fp/hard\libc_nano.a(lib_a-init.o)
                0x0000000008000958                __libc_init_array
 *(.glue_7)
 .glue_7        0x00000000080009a0        0x0 linker stubs
 *(.glue_7t)
 .glue_7t       0x00000000080009a0        0x0 linker stubs
 *(.eh_frame)
 .eh_frame      0x00000000080009a0        0x0 c:/st/stm32cubeide/stm32cubeide/plugins/com.st.stm32cube.ide.mcu.externaltools.gnu-tools-for-stm32.9-2020-q2-update.win32_2.0.0.202105311346/tools/bin/../lib/gcc/arm-none-eabi/9.3.1/thumb/v7e-m+fp/hard/crtbegin.o
 *(.init)
 .init          0x00000000080009a0        0x4 c:/st/stm32cubeide/stm32cubeide/plugins/com.st.stm32cube.ide.mcu.externaltools.gnu-tools-for-stm32.9-2020-q2-update.win32_2.0.0.202105311346/tools/bin/../lib/gcc/arm-none-eabi/9.3.1/thumb/v7e-m+fp/hard/crti.o
                0x00000000080009a0                _init
 .init          0x00000000080009a4        0x8 c:/st/stm32cubeide/stm32cubeide/plugins/com.st.stm32cube.ide.mcu.externaltools.gnu-tools-for-stm32.9-2020-q2-update.win32_2.0.0.202105311346/tools/bin/../lib/gcc/arm-none-eabi/9.3.1/thumb/v7e-m+fp/hard/crtn.o
 *(.fini)
 .fini          0x00000000080009ac        0x4 c:/st/stm32cubeide/stm32cubeide/plugins/com.st.stm32cube.ide.mcu.externaltools.gnu-tools-for-stm32.9-2020-q2-update.win32_2.0.0.202105311346/tools/bin/../lib/gcc/arm-none-eabi/9.3.1/thumb/v7e-m+fp/hard/crti.o
                0x00000000080009ac                _fini
 .fini          0x00000000080009b0        0x8 c:/st/stm32cubeide/stm32cubeide/plugins/com.st.stm32cube.ide.mcu.externaltools.gnu-tools-for-stm32.9-2020-q2-update.win32_2.0.0.202105311346/tools/bin/../lib/gcc/arm-none-eabi/9.3.1/thumb/v7e-m+fp/hard/crtn.o
                0x00000000080009b8                . = ALIGN (0x4)
                0x00000000080009b8                _etext = .

.vfp11_veneer   0x00000000080009b8        0x0
 .vfp11_veneer  0x00000000080009b8        0x0 linker stubs

.v4_bx          0x00000000080009b8        0x0
 .v4_bx         0x00000000080009b8        0x0 linker stubs

.iplt           0x00000000080009b8        0x0
 .iplt          0x00000000080009b8        0x0 c:/st/stm32cubeide/stm32cubeide/plugins/com.st.stm32cube.ide.mcu.externaltools.gnu-tools-for-stm32.9-2020-q2-update.win32_2.0.0.202105311346/tools/bin/../lib/gcc/arm-none-eabi/9.3.1/thumb/v7e-m+fp/hard/crtbegin.o

.rodata         0x00000000080009b8       0x7c
                0x00000000080009b8                . = ALIGN (0x4)
 *(.rodata)
 .rodata        0x00000000080009b8       0x7c ./Src/main.o
 *(.rodata*)
                0x0000000008000a34                . = ALIGN (0x4)

.rel.dyn        0x0000000008000a34        0x0
 .rel.iplt      0x0000000008000a34        0x0 c:/st/stm32cubeide/stm32cubeide/plugins/com.st.stm32cube.ide.mcu.externaltools.gnu-tools-for-stm32.9-2020-q2-update.win32_2.0.0.202105311346/tools/bin/../lib/gcc/arm-none-eabi/9.3.1/thumb/v7e-m+fp/hard/crtbegin.o

.ARM.extab      0x0000000008000a34        0x0
                0x0000000008000a34                . = ALIGN (0x4)
 *(.ARM.extab* .gnu.linkonce.armextab.*)
                0x0000000008000a34                . = ALIGN (0x4)

.ARM            0x0000000008000a34        0x0
                0x0000000008000a34                . = ALIGN (0x4)
                0x0000000008000a34                __exidx_start = .
 *(.ARM.exidx*)
                0x0000000008000a34                __exidx_end = .
                0x0000000008000a34                . = ALIGN (0x4)

.preinit_array  0x0000000008000a34        0x0
                0x0000000008000a34                . = ALIGN (0x4)
                0x0000000008000a34                PROVIDE (__preinit_array_start = .)
 *(.preinit_array*)
                0x0000000008000a34                PROVIDE (__preinit_array_end = .)
                0x0000000008000a34                . = ALIGN (0x4)

.init_array     0x0000000008000a34        0x4
                0x0000000008000a34                . = ALIGN (0x4)
                0x0000000008000a34                PROVIDE (__init_array_start = .)
 *(SORT_BY_NAME(.init_array.*))
 *(.init_array*)
 .init_array    0x0000000008000a34        0x4 c:/st/stm32cubeide/stm32cubeide/plugins/com.st.stm32cube.ide.mcu.externaltools.gnu-tools-for-stm32.9-2020-q2-update.win32_2.0.0.202105311346/tools/bin/../lib/gcc/arm-none-eabi/9.3.1/thumb/v7e-m+fp/hard/crtbegin.o
                0x0000000008000a38                PROVIDE (__init_array_end = .)
                0x0000000008000a38                . = ALIGN (0x4)

.fini_array     0x0000000008000a38        0x4
                0x0000000008000a38                . = ALIGN (0x4)
                [!provide]                        PROVIDE (__fini_array_start = .)
 *(SORT_BY_NAME(.fini_array.*))
 *(.fini_array*)
 .fini_array    0x0000000008000a38        0x4 c:/st/stm32cubeide/stm32cubeide/plugins/com.st.stm32cube.ide.mcu.externaltools.gnu-tools-for-stm32.9-2020-q2-update.win32_2.0.0.202105311346/tools/bin/../lib/gcc/arm-none-eabi/9.3.1/thumb/v7e-m+fp/hard/crtbegin.o
                [!provide]                        PROVIDE (__fini_array_end = .)
                0x0000000008000a3c                . = ALIGN (0x4)
                0x0000000008000a3c                _sidata = LOADADDR (.data)

.data           0x0000000020000000        0x0 load address 0x0000000008000a3c
                0x0000000020000000                . = ALIGN (0x4)
                0x0000000020000000                _sdata = .
 *(.data)
 *(.data*)
 *(.RamFunc)
 *(.RamFunc*)
                0x0000000020000000                . = ALIGN (0x4)
                0x0000000020000000                _edata = .

.igot.plt       0x0000000020000000        0x0 load address 0x0000000008000a3c
 .igot.plt      0x0000000020000000        0x0 c:/st/stm32cubeide/stm32cubeide/plugins/com.st.stm32cube.ide.mcu.externaltools.gnu-tools-for-stm32.9-2020-q2-update.win32_2.0.0.202105311346/tools/bin/../lib/gcc/arm-none-eabi/9.3.1/thumb/v7e-m+fp/hard/crtbegin.o
                0x0000000020000000                . = ALIGN (0x4)

.bss            0x0000000020000000       0x78 load address 0x0000000008000a3c
                0x0000000020000000                _sbss = .
                0x0000000020000000                __bss_start__ = _sbss
 *(.bss)
 .bss           0x0000000020000000       0x1c c:/st/stm32cubeide/stm32cubeide/plugins/com.st.stm32cube.ide.mcu.externaltools.gnu-tools-for-stm32.9-2020-q2-update.win32_2.0.0.202105311346/tools/bin/../lib/gcc/arm-none-eabi/9.3.1/thumb/v7e-m+fp/hard/crtbegin.o
 *(.bss*)
 *(COMMON)
 COMMON         0x000000002000001c       0x5c ./Src/main.o
                0x000000002000001c                uart1_tx_buffer_current_element_pointer
                0x0000000020000020                uart1_tx_buffer_last_element_pointer
                0x0000000020000024                uart1_tx_buffer
                0x0000000020000064                uart1_rx_buffer_current_element_pointer
                0x0000000020000068                uart1_rx_buffer_length
                0x000000002000006c                uart1_rx_mode
                0x0000000020000070                uart1_rx_buffer_memory_address
                0x0000000020000074                usartpointer1
                0x0000000020000078                . = ALIGN (0x4)
                0x0000000020000078                _ebss = .
                0x0000000020000078                __bss_end__ = _ebss

._user_heap_stack
                0x0000000020000078      0x600 load address 0x0000000008000a3c
                0x0000000020000078                . = ALIGN (0x8)
                [!provide]                        PROVIDE (end = .)
                0x0000000020000078                PROVIDE (_end = .)
                0x0000000020000278                . = (. + _Min_Heap_Size)
 *fill*         0x0000000020000078      0x200 
                0x0000000020000678                . = (. + _Min_Stack_Size)
 *fill*         0x0000000020000278      0x400 
                0x0000000020000678                . = ALIGN (0x8)

/DISCARD/
 libc.a(*)
 libm.a(*)
 libgcc.a(*)

.ARM.attributes
                0x0000000000000000       0x30
 *(.ARM.attributes)
 .ARM.attributes
                0x0000000000000000       0x1e c:/st/stm32cubeide/stm32cubeide/plugins/com.st.stm32cube.ide.mcu.externaltools.gnu-tools-for-stm32.9-2020-q2-update.win32_2.0.0.202105311346/tools/bin/../lib/gcc/arm-none-eabi/9.3.1/thumb/v7e-m+fp/hard/crti.o
 .ARM.attributes
                0x000000000000001e       0x34 c:/st/stm32cubeide/stm32cubeide/plugins/com.st.stm32cube.ide.mcu.externaltools.gnu-tools-for-stm32.9-2020-q2-update.win32_2.0.0.202105311346/tools/bin/../lib/gcc/arm-none-eabi/9.3.1/thumb/v7e-m+fp/hard/crtbegin.o
 .ARM.attributes
                0x0000000000000052       0x34 ./Src/gpio.o
 .ARM.attributes
                0x0000000000000086       0x34 ./Src/main.o
 .ARM.attributes
                0x00000000000000ba       0x34 ./Src/nvic.o
 .ARM.attributes
                0x00000000000000ee       0x34 ./Src/rcc.o
 .ARM.attributes
                0x0000000000000122       0x34 ./Src/usart1.o
 .ARM.attributes
                0x0000000000000156       0x21 ./Startup/startup_stm32f746nghx.o
 .ARM.attributes
                0x0000000000000177       0x34 c:/st/stm32cubeide/stm32cubeide/plugins/com.st.stm32cube.ide.mcu.externaltools.gnu-tools-for-stm32.9-2020-q2-update.win32_2.0.0.202105311346/tools/bin/../lib/gcc/arm-none-eabi/9.3.1/../../../../arm-none-eabi/lib/thumb/v7e-m+fp/hard\libc_nano.a(lib_a-init.o)
 .ARM.attributes
                0x00000000000001ab       0x1e c:/st/stm32cubeide/stm32cubeide/plugins/com.st.stm32cube.ide.mcu.externaltools.gnu-tools-for-stm32.9-2020-q2-update.win32_2.0.0.202105311346/tools/bin/../lib/gcc/arm-none-eabi/9.3.1/thumb/v7e-m+fp/hard/crtn.o
OUTPUT(0_try1.elf elf32-littlearm)
LOAD linker stubs
LOAD c:/st/stm32cubeide/stm32cubeide/plugins/com.st.stm32cube.ide.mcu.externaltools.gnu-tools-for-stm32.9-2020-q2-update.win32_2.0.0.202105311346/tools/bin/../lib/gcc/arm-none-eabi/9.3.1/../../../../arm-none-eabi/lib/thumb/v7e-m+fp/hard\libc.a
LOAD c:/st/stm32cubeide/stm32cubeide/plugins/com.st.stm32cube.ide.mcu.externaltools.gnu-tools-for-stm32.9-2020-q2-update.win32_2.0.0.202105311346/tools/bin/../lib/gcc/arm-none-eabi/9.3.1/../../../../arm-none-eabi/lib/thumb/v7e-m+fp/hard\libm.a
LOAD c:/st/stm32cubeide/stm32cubeide/plugins/com.st.stm32cube.ide.mcu.externaltools.gnu-tools-for-stm32.9-2020-q2-update.win32_2.0.0.202105311346/tools/bin/../lib/gcc/arm-none-eabi/9.3.1/thumb/v7e-m+fp/hard\libgcc.a

.debug_info     0x0000000000000000     0x1455
 .debug_info    0x0000000000000000      0x243 ./Src/gpio.o
 .debug_info    0x0000000000000243      0x316 ./Src/main.o
 .debug_info    0x0000000000000559      0x6d7 ./Src/nvic.o
 .debug_info    0x0000000000000c30      0x371 ./Src/rcc.o
 .debug_info    0x0000000000000fa1      0x492 ./Src/usart1.o
 .debug_info    0x0000000000001433       0x22 ./Startup/startup_stm32f746nghx.o

.debug_abbrev   0x0000000000000000      0x69f
 .debug_abbrev  0x0000000000000000      0x12c ./Src/gpio.o
 .debug_abbrev  0x000000000000012c      0x132 ./Src/main.o
 .debug_abbrev  0x000000000000025e      0x1af ./Src/nvic.o
 .debug_abbrev  0x000000000000040d       0xf6 ./Src/rcc.o
 .debug_abbrev  0x0000000000000503      0x18a ./Src/usart1.o
 .debug_abbrev  0x000000000000068d       0x12 ./Startup/startup_stm32f746nghx.o

.debug_aranges  0x0000000000000000      0x170
 .debug_aranges
                0x0000000000000000       0x40 ./Src/gpio.o
 .debug_aranges
                0x0000000000000040       0x20 ./Src/main.o
 .debug_aranges
                0x0000000000000060       0x38 ./Src/nvic.o
 .debug_aranges
                0x0000000000000098       0x40 ./Src/rcc.o
 .debug_aranges
                0x00000000000000d8       0x70 ./Src/usart1.o
 .debug_aranges
                0x0000000000000148       0x28 ./Startup/startup_stm32f746nghx.o

.debug_ranges   0x0000000000000000      0x118
 .debug_ranges  0x0000000000000000       0x30 ./Src/gpio.o
 .debug_ranges  0x0000000000000030       0x10 ./Src/main.o
 .debug_ranges  0x0000000000000040       0x28 ./Src/nvic.o
 .debug_ranges  0x0000000000000068       0x30 ./Src/rcc.o
 .debug_ranges  0x0000000000000098       0x60 ./Src/usart1.o
 .debug_ranges  0x00000000000000f8       0x20 ./Startup/startup_stm32f746nghx.o

.debug_macro    0x0000000000000000      0x4b1
 .debug_macro   0x0000000000000000       0xc7 ./Src/gpio.o
 .debug_macro   0x00000000000000c7      0x101 ./Src/main.o
 .debug_macro   0x00000000000001c8       0x2e ./Src/main.o
 .debug_macro   0x00000000000001f6       0x43 ./Src/main.o
 .debug_macro   0x0000000000000239       0x10 ./Src/main.o
 .debug_macro   0x0000000000000249       0xd4 ./Src/nvic.o
 .debug_macro   0x000000000000031d       0xc7 ./Src/rcc.o
 .debug_macro   0x00000000000003e4       0xcd ./Src/usart1.o

.debug_line     0x0000000000000000     0x18a6
 .debug_line    0x0000000000000000      0x4cb ./Src/gpio.o
 .debug_line    0x00000000000004cb      0x46f ./Src/main.o
 .debug_line    0x000000000000093a      0x4f4 ./Src/nvic.o
 .debug_line    0x0000000000000e2e      0x454 ./Src/rcc.o
 .debug_line    0x0000000000001282      0x5a0 ./Src/usart1.o
 .debug_line    0x0000000000001822       0x84 ./Startup/startup_stm32f746nghx.o

.debug_str      0x0000000000000000    0x9b062
 .debug_str     0x0000000000000000    0x9a330 ./Src/gpio.o
                                      0x9a4ce (size before relaxing)
 .debug_str     0x000000000009a330      0x493 ./Src/main.o
                                      0x9a8d9 (size before relaxing)
 .debug_str     0x000000000009a7c3      0x632 ./Src/nvic.o
                                      0x9ac09 (size before relaxing)
 .debug_str     0x000000000009adf5      0x131 ./Src/rcc.o
                                      0x9a5ad (size before relaxing)
 .debug_str     0x000000000009af26      0x10b ./Src/usart1.o
                                      0x9a66a (size before relaxing)
 .debug_str     0x000000000009b031       0x31 ./Startup/startup_stm32f746nghx.o
                                         0x5e (size before relaxing)

.comment        0x0000000000000000       0x53
 .comment       0x0000000000000000       0x53 ./Src/gpio.o
                                         0x54 (size before relaxing)
 .comment       0x0000000000000053       0x54 ./Src/main.o
 .comment       0x0000000000000053       0x54 ./Src/nvic.o
 .comment       0x0000000000000053       0x54 ./Src/rcc.o
 .comment       0x0000000000000053       0x54 ./Src/usart1.o

.debug_frame    0x0000000000000000      0x414
 .debug_frame   0x0000000000000000       0xb4 ./Src/gpio.o
 .debug_frame   0x00000000000000b4       0x34 ./Src/main.o
 .debug_frame   0x00000000000000e8       0x98 ./Src/nvic.o
 .debug_frame   0x0000000000000180       0xac ./Src/rcc.o
 .debug_frame   0x000000000000022c      0x1bc ./Src/usart1.o
 .debug_frame   0x00000000000003e8       0x2c c:/st/stm32cubeide/stm32cubeide/plugins/com.st.stm32cube.ide.mcu.externaltools.gnu-tools-for-stm32.9-2020-q2-update.win32_2.0.0.202105311346/tools/bin/../lib/gcc/arm-none-eabi/9.3.1/../../../../arm-none-eabi/lib/thumb/v7e-m+fp/hard\libc_nano.a(lib_a-init.o)
